  Determining projects to restore...
  All projects are up-to-date for restore.
C:\Users\Mikey\Desktop\Web Dev\steamroll\SteamRoll\Controls\GameDetailsView.xaml.cs(24,47): warning CS0067: The event 'GameDetailsView.RepairEnvironmentRequested' is never used [C:\Users\Mikey\Desktop\Web Dev\steamroll\SteamRoll\SteamRoll_l0z0bnh4_wpftmp.csproj]
C:\Users\Mikey\Desktop\Web Dev\steamroll\SteamRoll\Controls\GameDetailsView.xaml.cs(24,47): warning CS0067: The event 'GameDetailsView.RepairEnvironmentRequested' is never used [C:\Users\Mikey\Desktop\Web Dev\steamroll\SteamRoll\SteamRoll.csproj]
  SteamRoll -> C:\Users\Mikey\Desktop\Web Dev\steamroll\SteamRoll\bin\Debug\net8.0-windows\SteamRoll.dll
C:\Users\Mikey\Desktop\Web Dev\steamroll\SteamRoll.Tests\DrmDetectorTests.cs(52,9): warning xUnit2012: Do not use Assert.True() to check if a value exists in a collection. Use Assert.Contains instead. (https://xunit.net/xunit.analyzers/rules/xUnit2012) [C:\Users\Mikey\Desktop\Web Dev\steamroll\SteamRoll.Tests\SteamRoll.Tests.csproj]
C:\Users\Mikey\Desktop\Web Dev\steamroll\SteamRoll.Tests\DrmDetectorTests.cs(53,9): warning xUnit2012: Do not use Assert.True() to check if a value exists in a collection. Use Assert.Contains instead. (https://xunit.net/xunit.analyzers/rules/xUnit2012) [C:\Users\Mikey\Desktop\Web Dev\steamroll\SteamRoll.Tests\SteamRoll.Tests.csproj]
  SteamRoll.Tests -> C:\Users\Mikey\Desktop\Web Dev\steamroll\SteamRoll.Tests\bin\Debug\net8.0-windows\SteamRoll.Tests.dll

Build succeeded.

C:\Users\Mikey\Desktop\Web Dev\steamroll\SteamRoll\Controls\GameDetailsView.xaml.cs(24,47): warning CS0067: The event 'GameDetailsView.RepairEnvironmentRequested' is never used [C:\Users\Mikey\Desktop\Web Dev\steamroll\SteamRoll\SteamRoll_l0z0bnh4_wpftmp.csproj]
C:\Users\Mikey\Desktop\Web Dev\steamroll\SteamRoll\Controls\GameDetailsView.xaml.cs(24,47): warning CS0067: The event 'GameDetailsView.RepairEnvironmentRequested' is never used [C:\Users\Mikey\Desktop\Web Dev\steamroll\SteamRoll\SteamRoll.csproj]
C:\Users\Mikey\Desktop\Web Dev\steamroll\SteamRoll.Tests\DrmDetectorTests.cs(52,9): warning xUnit2012: Do not use Assert.True() to check if a value exists in a collection. Use Assert.Contains instead. (https://xunit.net/xunit.analyzers/rules/xUnit2012) [C:\Users\Mikey\Desktop\Web Dev\steamroll\SteamRoll.Tests\SteamRoll.Tests.csproj]
C:\Users\Mikey\Desktop\Web Dev\steamroll\SteamRoll.Tests\DrmDetectorTests.cs(53,9): warning xUnit2012: Do not use Assert.True() to check if a value exists in a collection. Use Assert.Contains instead. (https://xunit.net/xunit.analyzers/rules/xUnit2012) [C:\Users\Mikey\Desktop\Web Dev\steamroll\SteamRoll.Tests\SteamRoll.Tests.csproj]
    4 Warning(s)
    0 Error(s)

Time Elapsed 00:00:04.48
